// Jest Snapshot v1, https://goo.gl/fbAQLP

exports[`Header Component Snapshot Test 1`] = `<Connect(Header) />`;
