// Jest Snapshot v1, https://goo.gl/fbAQLP

exports[`Layout Component Snapshot Test 1`] = `
<div>
  <Connect(Header) />
  <Routes />
  <footer>
    <div
      style={
        Object {
          "backgroundColor": "black",
        }
      }
    />
  </footer>
</div>
`;
